// Jest Snapshot v1, https://goo.gl/fbAQLP

exports[`Hyväksytyn hyväksymispäätöskuulutuksen jälkeen should get epäaktiivinen and jatkopäätös1 statuses successfully 1`] = `
Object {
  "description": "jatkopaatosProjekti käyttöoikeudet resetoinnin jälkeen",
  "obj": Array [
    Object {
      "__typename": "ProjektiKayttaja",
      "email": "mikko.haapamki@cgi.com",
      "etunimi": "A-tunnus1",
      "kayttajatunnus": "A000112",
      "muokattavissa": false,
      "organisaatio": "CGI Suomi Oy",
      "puhelinnumero": "123",
      "sukunimi": "Hassu",
      "tyyppi": "PROJEKTIPAALLIKKO",
      "yleinenYhteystieto": true,
    },
    Object {
      "__typename": "ProjektiKayttaja",
      "email": "mikko.haapamaki02@cgi.com",
      "etunimi": "A-tunnus3",
      "kayttajatunnus": "A000114",
      "muokattavissa": false,
      "organisaatio": "CGI Suomi Oy",
      "puhelinnumero": "123",
      "sukunimi": "Hassu",
      "tyyppi": "VARAHENKILO",
      "yleinenYhteystieto": false,
    },
  ],
}
`;
