// Jest Snapshot v1, https://goo.gl/fbAQLP

exports[`VelhoAdapter should adapt project from Velho successfully 1`] = `
Object {
  "asianhallinta": Object {
    "asiaId": undefined,
    "inaktiivinen": false,
  },
  "kasittelynTila": undefined,
  "kayttoOikeudet": Array [],
  "oid": "100",
  "tyyppi": "TIE",
  "velho": Object {
    "asiatunnusELY": undefined,
    "asiatunnusVayla": undefined,
    "geoJSON": null,
    "kunnat": Array [
      49,
      91,
      92,
    ],
    "linkitetytProjektit": null,
    "linkki": "https://vayla.fi/vt-5-mikkeli-juva",
    "maakunnat": Array [
      1,
    ],
    "nimi": "Kaupungin sisääntulotien (mt 123) parantaminen välillä valtatien 1 eritasoliittymä - Päätie, Helsinki",
    "suunnittelustaVastaavaViranomainen": "PIRKANMAAN_ELY",
    "tyyppi": "TIE",
    "varahenkilonEmail": null,
    "vastuuhenkilonEmail": "test@ely-keskus.fi",
    "vaylamuoto": Array [
      "tie",
    ],
  },
  "versio": 1,
}
`;

exports[`VelhoAdapter should adapt project with kunta and maakunta keys from Velho successfully 1`] = `
Object {
  "asianhallinta": Object {
    "asiaId": undefined,
    "inaktiivinen": false,
  },
  "kasittelynTila": undefined,
  "kayttoOikeudet": Array [],
  "oid": "100",
  "tyyppi": "TIE",
  "velho": Object {
    "asiatunnusELY": undefined,
    "asiatunnusVayla": undefined,
    "geoJSON": null,
    "kunnat": Array [
      49,
      91,
      92,
    ],
    "linkitetytProjektit": null,
    "linkki": "https://vayla.fi/vt-5-mikkeli-juva",
    "maakunnat": Array [
      1,
    ],
    "nimi": "Kaupungin sisääntulotien (mt 123) parantaminen välillä valtatien 1 eritasoliittymä - Päätie, Helsinki",
    "suunnittelustaVastaavaViranomainen": "PIRKANMAAN_ELY",
    "tyyppi": "TIE",
    "varahenkilonEmail": null,
    "vastuuhenkilonEmail": "test@ely-keskus.fi",
    "vaylamuoto": Array [
      "tie",
    ],
  },
  "versio": 1,
}
`;

exports[`VelhoAdapter should find updated Velho fields successfully 1`] = `
Object {
  "nimi": "Uusi nimi",
  "vastuuhenkilonEmail": "uusi@vayla.fi",
  "vaylamuoto": Array [
    "rata",
  ],
}
`;
