// Jest Snapshot v1, https://goo.gl/fbAQLP

exports[`UploadService should create file to projekti successfully 1`] = `
Object {
  "args": Object {
    "Body": "***unittest***",
    "Bucket": "hassu-localstack-yllapito",
    "ContentDisposition": "inline; filename*=UTF-8''test%20%C3%A4%C3%A4kk%C3%B6sill%C3%A4.pdf",
    "ContentType": "application/pdf",
    "Key": "yllapito/tiedostot/projekti/1/test ääkkösillä.pdf",
    "Metadata": Object {
      "publication-timestamp": "2000-01-01T12:34:00+02:00",
    },
  },
  "stub": "PutObjectCommand",
}
`;

exports[`UploadService should upload file successfully 1`] = `
Object {
  "args": Object {
    "Bucket": "hassu-localstack-upload",
    "Key": "1-2-3-4/logo_aakkosilla.png",
  },
  "stub": "HeadObjectCommand",
}
`;

exports[`UploadService should upload file successfully 2`] = `
Object {
  "args": Object {
    "Bucket": "hassu-localstack-yllapito",
    "ContentType": "image/png",
    "CopySource": "hassu-localstack-upload%2F1-2-3-4%2Flogo_aakkosilla.png",
    "Key": "yllapito/tiedostot/projekti/1/suunnittelusopimus/logo_aakkosilla.png",
    "Metadata": Object {},
    "MetadataDirective": "REPLACE",
  },
  "stub": "CopyObjectCommand",
}
`;
