// Jest Snapshot v1, https://goo.gl/fbAQLP

exports[`IlmoitustauluSyote Should index pohjoissaame projekti into ilmoitustaulusyote index successfully 1`] = `
Array [
  Object {
    "3_aloitusKuulutus_SUOMI_2022-03-28": Object {
      "date": "2022-03-28T00:00:00+03:00",
      "elinvoimakeskukset": Array [
        "elinvoimakeskus/elinvoimakeskus06",
      ],
      "elyt": Array [
        "ely/ely07",
      ],
      "kieli": "SUOMI",
      "kunnat": Array [
        491,
        178,
        740,
      ],
      "lelyt": Array [
        "ely/ely08",
      ],
      "maakunnat": Array [
        1,
        6,
      ],
      "oid": "3",
      "title": "Kuulutus suunnittelun aloittamisesta: Testiprojekti 3",
      "type": "Kuulutus",
      "url": "https://localhost:3000/suunnitelma/3/aloituskuulutus",
      "vaylamuoto": Array [
        "tie",
      ],
    },
  },
  Object {
    "3_aloitusKuulutus_POHJOISSAAME_2022-03-28": Object {
      "date": "2022-03-28T00:00:00+03:00",
      "elinvoimakeskukset": Array [
        "elinvoimakeskus/elinvoimakeskus06",
      ],
      "elyt": Array [
        "ely/ely07",
      ],
      "kieli": "POHJOISSAAME",
      "kunnat": Array [
        491,
        178,
        740,
      ],
      "lelyt": Array [
        "ely/ely08",
      ],
      "maakunnat": Array [
        1,
        6,
      ],
      "oid": "3",
      "title": "Kuulutus suunnittelun aloittamisesta: Projektinimi saameksi",
      "type": "Kuulutus",
      "url": "https://localhost:3000/suunnitelma/3/aloituskuulutus",
      "vaylamuoto": Array [
        "tie",
      ],
    },
  },
  Object {
    "3_vuorovaikutuskierros_SUOMI_2022-04-28": Object {
      "date": "2022-04-28T00:00:00+03:00",
      "elinvoimakeskukset": Array [
        "elinvoimakeskus/elinvoimakeskus06",
      ],
      "elyt": Array [
        "ely/ely07",
      ],
      "kieli": "SUOMI",
      "kunnat": Array [
        491,
        178,
        740,
      ],
      "lelyt": Array [
        "ely/ely08",
      ],
      "maakunnat": Array [
        1,
        6,
      ],
      "oid": "3",
      "title": "Kutsu vuorovaikutukseen: Testiprojekti 3",
      "type": "Kuulutus",
      "url": "https://localhost:3000/suunnitelma/3/suunnittelu",
      "vaylamuoto": Array [
        "tie",
      ],
    },
  },
  Object {
    "3_vuorovaikutuskierros_POHJOISSAAME_2022-04-28": Object {
      "date": "2022-04-28T00:00:00+03:00",
      "elinvoimakeskukset": Array [
        "elinvoimakeskus/elinvoimakeskus06",
      ],
      "elyt": Array [
        "ely/ely07",
      ],
      "kieli": "POHJOISSAAME",
      "kunnat": Array [
        491,
        178,
        740,
      ],
      "lelyt": Array [
        "ely/ely08",
      ],
      "maakunnat": Array [
        1,
        6,
      ],
      "oid": "3",
      "title": "Kutsu vuorovaikutukseen: Projektinimi saameksi",
      "type": "Kuulutus",
      "url": "https://localhost:3000/suunnitelma/3/suunnittelu",
      "vaylamuoto": Array [
        "tie",
      ],
    },
  },
  Object {
    "3_nahtavillaoloVaihe_SUOMI_2022-06-20T11:54": Object {
      "date": "2022-06-20T11:54:00+03:00",
      "elinvoimakeskukset": Array [
        "elinvoimakeskus/elinvoimakeskus06",
      ],
      "elyt": Array [
        "ely/ely07",
      ],
      "kieli": "SUOMI",
      "kunnat": Array [
        491,
        178,
        740,
      ],
      "lelyt": Array [
        "ely/ely08",
      ],
      "maakunnat": Array [
        1,
        6,
      ],
      "oid": "3",
      "title": "Kuulutus suunnitelman nähtäville asettamisesta: Testiprojekti 3",
      "type": "Kuulutus",
      "url": "https://localhost:3000/suunnitelma/3/nahtavillaolo",
      "vaylamuoto": Array [
        "tie",
      ],
    },
  },
  Object {
    "3_nahtavillaoloVaihe_POHJOISSAAME_2022-06-20T11:54": Object {
      "date": "2022-06-20T11:54:00+03:00",
      "elinvoimakeskukset": Array [
        "elinvoimakeskus/elinvoimakeskus06",
      ],
      "elyt": Array [
        "ely/ely07",
      ],
      "kieli": "POHJOISSAAME",
      "kunnat": Array [
        491,
        178,
        740,
      ],
      "lelyt": Array [
        "ely/ely08",
      ],
      "maakunnat": Array [
        1,
        6,
      ],
      "oid": "3",
      "title": "Kuulutus suunnitelman nähtäville asettamisesta: Projektinimi saameksi",
      "type": "Kuulutus",
      "url": "https://localhost:3000/suunnitelma/3/nahtavillaolo",
      "vaylamuoto": Array [
        "tie",
      ],
    },
  },
]
`;

exports[`IlmoitustauluSyote Should index projekti into ilmoitustaulusyote index successfully 1`] = `
Array [
  Object {
    "4_aloitusKuulutus_SUOMI_2022-03-28T14:28": Object {
      "date": "2022-03-28T14:28:00+03:00",
      "elinvoimakeskukset": Array [
        "elinvoimakeskus/elinvoimakeskus06",
      ],
      "elyt": Array [
        "ely/ely07",
      ],
      "kieli": "SUOMI",
      "kunnat": Array [
        491,
        178,
        740,
      ],
      "lelyt": Array [
        "ely/ely08",
      ],
      "maakunnat": Array [
        1,
        6,
      ],
      "oid": "4",
      "title": "Kuulutus suunnittelun aloittamisesta: Marikan testiprojekti",
      "type": "Kuulutus",
      "url": "https://localhost:3000/suunnitelma/4/aloituskuulutus",
      "vaylamuoto": Array [
        "tie",
      ],
    },
  },
  Object {
    "4_aloitusKuulutus_RUOTSI_2022-03-28T14:28": Object {
      "date": "2022-03-28T14:28:00+03:00",
      "elinvoimakeskukset": Array [
        "elinvoimakeskus/elinvoimakeskus06",
      ],
      "elyt": Array [
        "ely/ely07",
      ],
      "kieli": "RUOTSI",
      "kunnat": Array [
        491,
        178,
        740,
      ],
      "lelyt": Array [
        "ely/ely08",
      ],
      "maakunnat": Array [
        1,
        6,
      ],
      "oid": "4",
      "title": "Kungörelse om inledande av planering: Marikas testprojekt",
      "type": "Kuulutus",
      "url": "https://localhost:3000/sv/suunnitelma/4/aloituskuulutus",
      "vaylamuoto": Array [
        "tie",
      ],
    },
  },
  Object {
    "4_vuorovaikutuskierros_SUOMI_2022-04-28T14:28": Object {
      "date": "2022-04-28T14:28:00+03:00",
      "elinvoimakeskukset": Array [
        "elinvoimakeskus/elinvoimakeskus06",
      ],
      "elyt": Array [
        "ely/ely07",
      ],
      "kieli": "SUOMI",
      "kunnat": Array [
        491,
        178,
        740,
      ],
      "lelyt": Array [
        "ely/ely08",
      ],
      "maakunnat": Array [
        1,
        6,
      ],
      "oid": "4",
      "title": "Kutsu vuorovaikutukseen: Testiprojekti 4",
      "type": "Kuulutus",
      "url": "https://localhost:3000/suunnitelma/4/suunnittelu",
      "vaylamuoto": Array [
        "tie",
      ],
    },
  },
  Object {
    "4_vuorovaikutuskierros_RUOTSI_2022-04-28T14:28": Object {
      "date": "2022-04-28T14:28:00+03:00",
      "elinvoimakeskukset": Array [
        "elinvoimakeskus/elinvoimakeskus06",
      ],
      "elyt": Array [
        "ely/ely07",
      ],
      "kieli": "RUOTSI",
      "kunnat": Array [
        491,
        178,
        740,
      ],
      "lelyt": Array [
        "ely/ely08",
      ],
      "maakunnat": Array [
        1,
        6,
      ],
      "oid": "4",
      "title": "Inbjudan till interaktion: Namnet på svenska",
      "type": "Kuulutus",
      "url": "https://localhost:3000/sv/suunnitelma/4/suunnittelu",
      "vaylamuoto": Array [
        "tie",
      ],
    },
  },
  Object {
    "4_nahtavillaoloVaihe_SUOMI_2022-06-20T11:54": Object {
      "date": "2022-06-20T11:54:00+03:00",
      "elinvoimakeskukset": Array [
        "elinvoimakeskus/elinvoimakeskus01",
      ],
      "elyt": Array [
        "ely/ely01",
      ],
      "kieli": "SUOMI",
      "kunnat": Array [
        245,
      ],
      "lelyt": Array [
        "ely/ely01",
      ],
      "maakunnat": Array [
        1,
        6,
      ],
      "oid": "4",
      "title": "Kuulutus suunnitelman nähtäville asettamisesta: Mt 140 parantaminen Kaskelantien kohdalla, tiesuunnitelma, Kerava",
      "type": "Kuulutus",
      "url": "https://localhost:3000/suunnitelma/4/nahtavillaolo",
      "vaylamuoto": Array [
        "tie",
      ],
    },
  },
  Object {
    "4_nahtavillaoloVaihe_RUOTSI_2022-06-20T11:54": Object {
      "date": "2022-06-20T11:54:00+03:00",
      "elinvoimakeskukset": Array [
        "elinvoimakeskus/elinvoimakeskus01",
      ],
      "elyt": Array [
        "ely/ely01",
      ],
      "kieli": "RUOTSI",
      "kunnat": Array [
        245,
      ],
      "lelyt": Array [
        "ely/ely01",
      ],
      "maakunnat": Array [
        1,
        6,
      ],
      "oid": "4",
      "title": "Kungörelse om framläggande av plan: sv",
      "type": "Kuulutus",
      "url": "https://localhost:3000/sv/suunnitelma/4/nahtavillaolo",
      "vaylamuoto": Array [
        "tie",
      ],
    },
  },
  Object {
    "4_hyvaksymisPaatos_SUOMI_2022-06-09": Object {
      "date": "2022-06-09T00:00:00+03:00",
      "elinvoimakeskukset": Array [
        "elinvoimakeskus/elinvoimakeskus01",
      ],
      "elyt": Array [
        "ely/ely01",
      ],
      "kieli": "SUOMI",
      "kunnat": Array [
        91,
        92,
      ],
      "lelyt": Array [
        "ely/ely01",
      ],
      "maakunnat": Array [
        1,
      ],
      "oid": "4",
      "title": "Kuulutus suunnitelman hyväksymispäätöksestä: HASSU AUTOMAATTITESTIPROJEKTI1",
      "type": "Kuulutus",
      "url": "https://localhost:3000/suunnitelma/4/hyvaksymispaatos",
      "vaylamuoto": Array [
        "tie",
      ],
    },
  },
  Object {
    "4_hyvaksymisPaatos_RUOTSI_2022-06-09": Object {
      "date": "2022-06-09T00:00:00+03:00",
      "elinvoimakeskukset": Array [
        "elinvoimakeskus/elinvoimakeskus01",
      ],
      "elyt": Array [
        "ely/ely01",
      ],
      "kieli": "RUOTSI",
      "kunnat": Array [
        91,
        92,
      ],
      "lelyt": Array [
        "ely/ely01",
      ],
      "maakunnat": Array [
        1,
      ],
      "oid": "4",
      "title": "Kungörelse av beslutet att godkänna planen: Namnet på svenska",
      "type": "Kuulutus",
      "url": "https://localhost:3000/sv/suunnitelma/4/hyvaksymispaatos",
      "vaylamuoto": Array [
        "tie",
      ],
    },
  },
]
`;
