// Jest Snapshot v1, https://goo.gl/fbAQLP

exports[`Hyväksymisesityksen tallentaminen ja hyväksyttäväksi lähettäminen lähettää s.postin projarille 1`] = `
Object {
  "subject": "Valtion liikenneväylien suunnittelu: Hyväksymisesitys odottaa hyväksyntää undefined",
  "text": "Valtion liikenneväylien suunnittelu -järjestelmän projektistasi undefined on luotu hyväksymisesitys, joka odottaa hyväksyntääsi.
  
    Voit tarkastella hyväksymisesitystä osoitteessa https://localhost:3000/yllapito/projekti/Testi1/hyvaksymisesitys
    
    Sait tämän viestin, koska sinut on merkitty projektin projektipäälliköksi. Tämä on automaattinen sähköposti, johon ei voi vastata.",
  "to": Array [
    "email@email.com",
    "email2@email.com",
  ],
}
`;
