// Jest Snapshot v1, https://goo.gl/fbAQLP

exports[`ProjektiTaulu renders 'Perusta' page unchanged 1`] = `
Array [
  <section>
    <h1>
      Perusta uusi projekti
    </h1>
    <p>
      Hae projekti-VELHOon viety suunnitelma, jonka haluat tuoda Valtion väylien suunnittelu -palveluun. Voit hakea suunnitelman joko asiatunnuksella tai suunnitelman / projektin nimellä tai sen osalla.
    </p>
    <form
      onSubmit={[Function]}
    >
      <div
        className="grid grid-cols-1 md:grid-cols-12 gap-2 mb-3"
      >
        <div
          className="md:col-span-4 xl:col-span-3 md:col-start-1 xl:col-start-1 my-auto"
        >
          <label
            className="font-bold text-gray"
          >
            Asiatunnus
          </label>
        </div>
        <div
          className="md:col-span-4 xl:col-span-3"
        >
          <input
            className="border rounded w-full py-1 px-2 focus:outline-none focus:shadow-outline disabled:opacity-50"
            disabled={true}
            type="text"
          />
        </div>
        <div
          className="md:col-span-4 xl:col-span-3 md:col-start-1 xl:col-start-1 my-auto"
        >
          <label
            className="font-bold"
          >
            Projektin nimi
          </label>
        </div>
        <div
          className="md:col-span-4 xl:col-span-3"
        >
          <input
            className="border rounded w-full py-1 px-2 focus:outline-none focus:shadow-outline"
            name="name"
            onBlur={[Function]}
            onChange={[Function]}
            type="text"
          />
        </div>
        <div
          className="md:col-span-2"
        >
          <button
            className="px-3 py-1 rounded-3xl border-transparent rounded text-base font-normal bg-primary-dark text-white uppercase disabled:opacity-50 disabled:cursor-default"
            disabled={false}
          >
            Haku
          </button>
        </div>
      </div>
    </form>
  </section>,
  <hr />,
  <section
    className="pt-3"
  >
    <h2>
      Hakutulokset
    </h2>
    <div
      className="bg-secondary-turquoise bg-opacity-25 border border-primary py-2 px-3 w-full mb-4"
    >
      Ohjeet
      <div>
        <ul
          className="list-disc list-inside"
        >
          <li>
            Valitse listasta se suunnitelma, jonka haluat tallentaa Valtion väylien suunnittelu -palveluun uudeksi projektiksi.
          </li>
          <li>
            Huomioi, että hakutuloksissa näytetään ainoastaan ne suunnitelmat / projektit joitaa ei ole vielä perustettu palveluun. Käytä etusivun projektihakua etsiäksesi jo perustettuja projekteja.
          </li>
        </ul>
      </div>
    </div>
    <table
      className="project-table"
    >
      <thead>
        <tr>
          <th>
            Asiatunnus
          </th>
          <th>
            Nimi
          </th>
          <th>
            Tyyppi
          </th>
        </tr>
      </thead>
      <tbody>
        <tr
          className="project-row"
        >
          <td
            className="sm:w-1/4"
            data-label="Asiatunnus"
          >
            1234
          </td>
          <td
            className="sm:w-1/2"
            data-label="Nimi"
          >
            Tampereen tie Hanke
          </td>
          <td
            className="sm:w-1/4"
            data-label="Tyyppi"
          >
            Tie
          </td>
        </tr>
      </tbody>
    </table>
  </section>,
]
`;
