// Jest Snapshot v1, https://goo.gl/fbAQLP

exports[`projektiHandler should detect Velho changes successfully 1`] = `
Object {
  "__typename": "Velho",
  "kunnat": undefined,
  "linkitetytProjektit": undefined,
  "maakunnat": undefined,
  "nimi": "Uusi nimi",
  "varahenkilonEmail": "a2@vayla.fi",
  "vastuuhenkilonEmail": "a1@vayla.fi",
  "vaylamuoto": Array [
    "rata",
  ],
}
`;

exports[`projektiHandler should update Velho changes successfully 1`] = `
Object {
  "asianhallinta": Object {
    "asiaId": undefined,
  },
  "kayttoOikeudet": Array [
    Object {
      "elyOrganisaatio": undefined,
      "email": "Matti.Meikalainen@vayla.fi",
      "etunimi": "Matti",
      "kayttajatunnus": "A000111",
      "muokattavissa": true,
      "organisaatio": "Väylävirasto",
      "puhelinnumero": "123456789",
      "sukunimi": "Meikalainen",
    },
    Object {
      "elyOrganisaatio": undefined,
      "email": "Kunta.Kuntalainen@vayla.fi",
      "etunimi": "Kunta",
      "kayttajatunnus": "A000123",
      "muokattavissa": true,
      "organisaatio": "Nokia",
      "puhelinnumero": "123456789",
      "sukunimi": "Kuntalainen",
    },
    Object {
      "elyOrganisaatio": "PIRKANMAAN_ELY",
      "email": "eemil.elylainen@ely.fi",
      "etunimi": "Eemil",
      "kayttajatunnus": "A000124",
      "muokattavissa": true,
      "organisaatio": "ELY",
      "puhelinnumero": "123456789",
      "sukunimi": "Elylainen",
    },
    Object {
      "email": "a1@vayla.fi",
      "etunimi": "EtunimiA1",
      "kayttajatunnus": "A1",
      "muokattavissa": false,
      "organisaatio": "Väylävirasto",
      "sukunimi": "SukunimiA1",
      "tyyppi": "PROJEKTIPAALLIKKO",
      "yleinenYhteystieto": true,
    },
    Object {
      "email": "a2@vayla.fi",
      "etunimi": "EtunimiA2",
      "kayttajatunnus": "A2",
      "muokattavissa": false,
      "organisaatio": "Väylävirasto",
      "sukunimi": "SukunimiA2",
      "tyyppi": "VARAHENKILO",
    },
  ],
  "oid": "1",
  "velho": Object {
    "asiatunnusELY": "ELY/1/2022",
    "asiatunnusVayla": "VAYLA/1/2022",
    "kunnat": Array [
      837,
      536,
    ],
    "maakunnat": Array [
      1,
      6,
    ],
    "nimi": "Uusi nimi",
    "suunnittelustaVastaavaViranomainen": "UUDENMAAN_ELY",
    "tyyppi": "TIE",
    "varahenkilonEmail": "a2@vayla.fi",
    "vastuuhenkilonEmail": "a1@vayla.fi",
    "vaylamuoto": Array [
      "rata",
    ],
  },
}
`;
