// Jest Snapshot v1, https://goo.gl/fbAQLP

exports[`apiHandler updateSuunnitelma saveProjekti should pass expected parameters to DynamoDB 1`] = `
Object {
  "ConditionExpression": "attribute_not_exists(#versio) OR #versio = :versioFromInput",
  "ExpressionAttributeNames": Object {
    "#aloitusKuulutus": "aloitusKuulutus",
    "#euRahoitus": "euRahoitus",
    "#kayttoOikeudet": "kayttoOikeudet",
    "#kielitiedot": "kielitiedot",
    "#muistiinpano": "muistiinpano",
    "#paivitetty": "paivitetty",
    "#suunnitteluSopimus": "suunnitteluSopimus",
    "#vahainenMenettely": "vahainenMenettely",
    "#velho": "velho",
    "#versio": "versio",
  },
  "ExpressionAttributeValues": Object {
    ":aloitusKuulutus": Object {
      "hankkeenKuvaus": Object {
        "RUOTSI": "På svenska",
        "SUOMI": "Lorem Ipsum",
      },
      "id": 1,
      "ilmoituksenVastaanottajat": Object {
        "kunnat": Array [
          Object {
            "id": 837,
            "sahkoposti": "837@email.com",
          },
          Object {
            "id": 536,
            "sahkoposti": "536@email.com",
          },
        ],
        "viranomaiset": Array [
          Object {
            "nimi": "PIRKANMAAN_ELY",
            "sahkoposti": "pirkanmaan-ely@email.com",
          },
        ],
      },
      "kuulutusPaiva": "2022-01-02",
      "kuulutusYhteystiedot": Object {
        "yhteysHenkilot": Array [
          "A000124",
        ],
        "yhteysTiedot": Array [
          Object {
            "etunimi": "Marko",
            "organisaatio": "Kajaani",
            "puhelinnumero": "0293121213",
            "sahkoposti": "markku.koi@koi.com",
            "sukunimi": "Koi",
          },
        ],
      },
      "siirtyySuunnitteluVaiheeseen": "2022-01-01",
    },
    ":euRahoitus": false,
    ":kayttoOikeudet": Array [
      Object {
        "email": "pekka.projari@vayla.fi",
        "etunimi": "Pekka",
        "kayttajatunnus": "A123",
        "organisaatio": "Väylävirasto",
        "puhelinnumero": "029312",
        "sukunimi": "Projari",
        "tyyppi": "PROJEKTIPAALLIKKO",
      },
      Object {
        "elyOrganisaatio": undefined,
        "email": "Matti.Meikalainen@vayla.fi",
        "etunimi": "Matti",
        "kayttajatunnus": "A000111",
        "muokattavissa": true,
        "organisaatio": "Väylävirasto",
        "puhelinnumero": "0293123123",
        "sukunimi": "Meikalainen",
      },
      Object {
        "elyOrganisaatio": undefined,
        "email": "Kunta.Kuntalainen@vayla.fi",
        "etunimi": "Kunta",
        "kayttajatunnus": "A000123",
        "muokattavissa": true,
        "organisaatio": "Nokia",
        "puhelinnumero": "029123123",
        "sukunimi": "Kuntalainen",
      },
      Object {
        "elyOrganisaatio": "PIRKANMAAN_ELY",
        "email": "eemil.elylainen@ely.fi",
        "etunimi": "Eemil",
        "kayttajatunnus": "A000124",
        "muokattavissa": true,
        "organisaatio": "ELY",
        "puhelinnumero": "123456789",
        "sukunimi": "Elylainen",
      },
    ],
    ":kielitiedot": Object {
      "ensisijainenKieli": "SUOMI",
      "projektinNimiVieraskielella": "Namnet på svenska",
      "toissijainenKieli": "RUOTSI",
    },
    ":muistiinpano": "Testiprojekti 1:n muistiinpano",
    ":paivitetty": "2022-03-15T14:29:48.845Z",
    ":suunnitteluSopimus": Object {
      "kunta": 536,
      "logo": Object {
        "RUOTSI": "/suunnittelusopimus/logo.png",
        "SUOMI": "/suunnittelusopimus/logo.png",
      },
      "yhteysHenkilo": "A000123",
    },
    ":vahainenMenettely": false,
    ":velho": Object {
      "asiatunnusELY": "ELY/1/2022",
      "asiatunnusVayla": "VAYLA/1/2022",
      "kunnat": Array [
        837,
        536,
      ],
      "maakunnat": Array [
        1,
        6,
      ],
      "nimi": "Testiprojekti 1",
      "suunnittelustaVastaavaViranomainen": "UUDENMAAN_ELY",
      "tyyppi": "TIE",
      "vaylamuoto": Array [
        "tie",
      ],
    },
    ":versio": 2,
    ":versioFromInput": 1,
  },
  "Key": Object {
    "oid": "1",
  },
  "TableName": "Projekti-localstack",
  "UpdateExpression": "SET #versio = :versio , #kayttoOikeudet = :kayttoOikeudet , #velho = :velho , #muistiinpano = :muistiinpano , #suunnitteluSopimus = :suunnitteluSopimus , #aloitusKuulutus = :aloitusKuulutus , #kielitiedot = :kielitiedot , #euRahoitus = :euRahoitus , #vahainenMenettely = :vahainenMenettely , #paivitetty = :paivitetty ",
}
`;

exports[`apiHandler updateSuunnitelma saveProjekti should remove null fields from DynamoDB 1`] = `
Object {
  "ConditionExpression": "attribute_not_exists(#versio) OR #versio = :versioFromInput",
  "ExpressionAttributeNames": Object {
    "#muistiinpano": "muistiinpano",
    "#paivitetty": "paivitetty",
    "#versio": "versio",
  },
  "ExpressionAttributeValues": Object {
    ":muistiinpano": "foo",
    ":paivitetty": "2022-03-15T14:29:48.845Z",
    ":versio": 2,
    ":versioFromInput": 1,
  },
  "Key": Object {
    "oid": "1",
  },
  "TableName": "Projekti-localstack",
  "UpdateExpression": "SET #versio = :versio , #muistiinpano = :muistiinpano , #paivitetty = :paivitetty REMOVE suunnitteluSopimus",
}
`;
