// Jest Snapshot v1, https://goo.gl/fbAQLP

exports[`apiHandler updateSuunnitelma saveProjekti should pass expected parameters to DynamoDB 1`] = `
Object {
  "ExpressionAttributeNames": Object {
    "#kayttoOikeudet": "kayttoOikeudet",
    "#muistiinpano": "muistiinpano",
    "#nimi": "nimi",
    "#status": "status",
  },
  "ExpressionAttributeValues": Object {
    ":kayttoOikeudet": Array [
      Object {
        "email": "pekka.projari@vayla.fi",
        "kayttajatunnus": "A123",
        "nimi": "Projari, Pekka",
        "organisaatio": "Väylävirasto",
        "puhelinnumero": "123456789",
        "rooli": "PROJEKTIPAALLIKKO",
      },
    ],
    ":muistiinpano": "Testiprojekti 1:n muistiinpano",
    ":nimi": "Testiprojekti 1",
    ":status": "EI_JULKAISTU",
  },
  "Key": Object {
    "oid": "1",
  },
  "TableName": "Projekti-localstack",
  "UpdateExpression": "set #kayttoOikeudet = :kayttoOikeudet , #nimi = :nimi , #muistiinpano = :muistiinpano , #status = :status ",
}
`;
