// Jest Snapshot v1, https://goo.gl/fbAQLP

exports[`apiHandler updateSuunnitelma updateSuunnitelma should pass expected parameters to DynamoDB 1`] = `
Object {
  "ExpressionAttributeNames": Object {
    "#name": "name",
    "#status": "status",
  },
  "ExpressionAttributeValues": Object {
    ":name": "Test Suunnitelma 1",
    ":status": "EI_JULKAISTU",
  },
  "Key": Object {
    "id": "1",
  },
  "TableName": undefined,
  "UpdateExpression": "set #name = :name , #status = :status ",
}
`;
